yarn run v1.22.22
$ webpack --config webpack.prod.js
[baseline-browser-mapping] The data in this module is over two months old.  To ensure accurate Baseline data, please update: `npm i baseline-browser-mapping@latest -D`
assets by path [1m[32mckeditor/plugins/[39m[22m 2.23 MiB 2560 assets
assets by path [1m[32mckeditor/samples/[39m[22m 712 KiB 81 assets
assets by path [1m[32mckeditor/skins/[39m[22m 1.11 MiB 71 assets
assets by path [1m[32mckeditor/lang/[39m[22m 951 KiB 71 assets
assets by info 9.09 MiB [1m[32m[immutable][39m[22m 34 assets
assets by path [1m[32mckeditor/*.md[39m[22m 393 KiB
  asset [1m[33mckeditor/CHANGES.md[39m[22m [1m[33m307 KiB[39m[22m [1m[32m[emitted][39m[22m [from: node_modules/ckeditor4/CHANGES.md] [1m[32m[copied][39m[22m [1m[33m[big][39m[22m
  + 3 assets
assets by path [1m[32mckeditor/*.json[39m[22m 1.91 KiB
  asset [1m[32mckeditor/composer.json[39m[22m 657 bytes [1m[32m[emitted][39m[22m [from: node_modules/ckeditor4/composer.json] [1m[32m[copied][39m[22m
  + 3 assets
assets by path [1m[32mckeditor/*.js[39m[22m 659 KiB
  asset [1m[33mckeditor/ckeditor.js[39m[22m [1m[33m656 KiB[39m[22m [1m[32m[emitted][39m[22m [from: node_modules/ckeditor4/ckeditor.js] [1m[32m[copied][39m[22m [1m[32m[minimized][39m[22m [1m[33m[big][39m[22m
  + 2 assets
+ 6 assets
Entrypoint [1mmain[39m[22m [1m[33m[big][39m[22m 6.22 MiB (20.8 MiB) = [1m[32m223.1b1d9b38f0d1b82de8a3.css[39m[22m 677 KiB [1m[32m223.d458ba3ca0c6655bf11c.js[39m[22m 3.75 MiB [1m[32mmain.314f78ee58e5d9fcd92a.css[39m[22m 808 KiB [1m[32mmain.f7b891e119a42d2f53a6.js[39m[22m 1.02 MiB 4 auxiliary assets
orphan modules 15.2 MiB (javascript) 55.9 KiB (runtime) [1m[33m[orphan][39m[22m 3382 modules
runtime modules 9.4 KiB 16 modules
cacheable modules 17.7 MiB (javascript) 1.45 MiB (css/mini-extract)
  javascript modules 17.7 MiB
    modules by path [1m./node_modules/[39m[22m 15.4 MiB 770 modules
    modules by path [1m./src/[39m[22m 2.21 MiB
      [1m./src/index.tsx + 153 modules[39m[22m 2.2 MiB [1m[33m[built][39m[22m [1m[33m[code generated][39m[22m
      [1m./src/pages/Chat/api/index.ts[39m[22m 10.7 KiB [1m[33m[built][39m[22m [1m[33m[code generated][39m[22m
      [1m./src/core/src/http.ts[39m[22m 2.79 KiB [1m[33m[built][39m[22m [1m[33m[code generated][39m[22m
  css modules 1.45 MiB
    modules by path [1m./src/pages/[39m[22m 84.5 KiB 50 modules
    modules by path [1m./src/components/[39m[22m 19.3 KiB 6 modules
    modules by path [1m./node_modules/[39m[22m 677 KiB 3 modules
    css ./node_modules/css-loader/dist/cjs.js!./node_modules/less-loader/dist/cjs.js![1m./src/style/index.less[39m[22m 911 bytes [1m[33m[built][39m[22m [1m[33m[code generated][39m[22m
    css ./node_modules/css-loader/dist/cjs.js!./node_modules/less-loader/dist/cjs.js![1m./src/theme/src/index.less[39m[22m 703 KiB [1m[33m[built][39m[22m [1m[33m[code generated][39m[22m

[1mLOG from ./node_modules/less-loader/dist/cjs.js less-loader ./node_modules/css-loader/dist/cjs.js!./node_modules/less-loader/dist/cjs.js!./src/theme/src/index.less[39m[22m
<w> [1m[33mDEPRECATED WARNING: Whitespace between a mixin name and parentheses for a mixin call is deprecated in D:\idea_repo\quiz\frontend\node_modules\@arco-design\web-react\es\Collapse\style\index.less on line 6, column 12:[39m[22m
<w> [1m[33m6 .icon-hover([39m[22m
<w> [1m[33m[39m[22m
<w> [1m[33mDEPRECATED WARNING: Whitespace between a mixin name and parentheses for a mixin call is deprecated in D:\idea_repo\quiz\frontend\node_modules\@arco-design\web-react\es\Menu\style\index.less on line 557, column 22:[39m[22m
<w> [1m[33m557     .applyStyleToItem(  @rtl-style-item-text);[39m[22m
<w> [1m[33m[39m[22m
<w> [1m[33mDEPRECATED WARNING: Whitespace between a mixin name and parentheses for a mixin call is deprecated in D:\idea_repo\quiz\frontend\node_modules\@arco-design\web-react\es\Message\style\index.less on line 138, column 14:[39m[22m
<w> [1m[33m138   .icon-hover([39m[22m
<w> [1m[33m[39m[22m
<w> [1m[33mDEPRECATED WARNING: Whitespace between a mixin name and parentheses for a mixin call is deprecated in D:\idea_repo\quiz\frontend\node_modules\@arco-design\web-react\es\Notification\style\index.less on line 169, column 14:[39m[22m
<w> [1m[33m169   .icon-hover([39m[22m
<w> [1m[33m[39m[22m
<w> [1m[33mDEPRECATED WARNING: Whitespace between a mixin name and parentheses for a mixin call is deprecated in D:\idea_repo\quiz\frontend\node_modules\@arco-design\web-react\es\PageHeader\style\index.less on line 49, column 14:[39m[22m
<w> [1m[33m49   .icon-hover([39m[22m
<w> [1m[33m[39m[22m
<w> [1m[33mDEPRECATED WARNING: Whitespace between a mixin name and parentheses for a mixin call is deprecated in D:\idea_repo\quiz\frontend\node_modules\@arco-design\web-react\es\PageHeader\style\index.less on line 55, column 17:[39m[22m
<w> [1m[33m55   .icon-hover-bg([39m[22m
<w> [1m[33m[39m[22m
<w> [1m[33mDEPRECATED WARNING: Whitespace between a mixin name and parentheses for a mixin call is deprecated in D:\idea_repo\quiz\frontend\node_modules\@arco-design\web-react\es\Tabs\style\index.less on line 157, column 34:[39m[22m
<w> [1m[33m157       padding: .get-title-padding([39m[22m
<w> [1m[33m[39m[22m
<w> [1m[33mDEPRECATED WARNING: Whitespace between a mixin name and parentheses for a mixin call is deprecated in D:\idea_repo\quiz\frontend\node_modules\@arco-design\web-react\es\Tabs\style\index.less on line 236, column 32:[39m[22m
<w> [1m[33m236     padding: .get-title-padding([39m[22m
<w> [1m[33m[39m[22m
<w> [1m[33mDEPRECATED WARNING: Whitespace between a mixin name and parentheses for a mixin call is deprecated in D:\idea_repo\quiz\frontend\node_modules\@arco-design\web-react\es\Tabs\style\index.less on line 306, column 34:[39m[22m
<w> [1m[33m306       padding: .get-title-padding([39m[22m
<w> [1m[33m[39m[22m
<w> [1m[33mDEPRECATED WARNING: Whitespace between a mixin name and parentheses for a mixin call is deprecated in D:\idea_repo\quiz\frontend\node_modules\@arco-design\web-react\es\Tabs\style\index.less on line 418, column 34:[39m[22m
<w> [1m[33m418       padding: .get-title-padding([39m[22m
<w> [1m[33m[39m[22m
<w> [1m[33mDEPRECATED WARNING: Whitespace between a mixin name and parentheses for a mixin call is deprecated in D:\idea_repo\quiz\frontend\node_modules\@arco-design\web-react\es\Tabs\style\index.less on line 480, column 34:[39m[22m
<w> [1m[33m480       padding: .get-title-padding([39m[22m
<w> [1m[33m[39m[22m
<w> [1m[33mDEPRECATED WARNING: Whitespace between a mixin name and parentheses for a mixin call is deprecated in D:\idea_repo\quiz\frontend\node_modules\@arco-design\web-react\es\Tabs\style\index.less on line 706, column 40:[39m[22m
<w> [1m[33m706         padding-top: .get-title-padding([39m[22m
<w> [1m[33m[39m[22m
<w> [1m[33mDEPRECATED WARNING: Whitespace between a mixin name and parentheses for a mixin call is deprecated in D:\idea_repo\quiz\frontend\node_modules\@arco-design\web-react\es\Tag\style\index.less on line 22, column 14:[39m[22m
<w> [1m[33m22   .icon-hover([39m[22m
<w> [1m[33m[39m[22m
<w> [1m[33mDEPRECATED WARNING: Whitespace between a mixin name and parentheses for a mixin call is deprecated in D:\idea_repo\quiz\frontend\node_modules\@arco-design\web-react\es\Input\style\size.less on line 150, column 20:[39m[22m
<w> [1m[33m150     .size-font-size([39m[22m
<w> [1m[33m[39m[22m
<w> [1m[33mDEPRECATED WARNING: Whitespace between a mixin name and parentheses for a mixin call is deprecated in D:\idea_repo\quiz\frontend\node_modules\@arco-design\web-react\es\Input\style\size.less on line 159, column 20:[39m[22m
<w> [1m[33m159     .size-font-size([39m[22m
<w> [1m[33m[39m[22m
<w> [1m[33mDEPRECATED WARNING: Whitespace between a mixin name and parentheses for a mixin call is deprecated in D:\idea_repo\quiz\frontend\node_modules\@arco-design\web-react\es\Input\style\size.less on line 168, column 20:[39m[22m
<w> [1m[33m168     .size-font-size([39m[22m
<w> [1m[33m[39m[22m
<w> [1m[33mDEPRECATED WARNING: Whitespace between a mixin name and parentheses for a mixin call is deprecated in D:\idea_repo\quiz\frontend\node_modules\@arco-design\web-react\es\Input\style\size.less on line 177, column 20:[39m[22m
<w> [1m[33m177     .size-font-size([39m[22m
<w> [1m[33m[39m[22m

[1m[33mWARNING[39m[22m in [1masset size limit: The following asset(s) exceed the recommended size limit (244 KiB).
This can impact web performance.
Assets: 
  ckeditor/CHANGES.md (307 KiB)
  ckeditor/ckeditor.js (656 KiB)
  diamend.png (405 KiB)
  main.314f78ee58e5d9fcd92a.css (808 KiB)
  main.f7b891e119a42d2f53a6.js (1.02 MiB)
  130.8f4b1d4a3580bdc0f659.js (260 KiB)
  894.253502375736ab63b771.js (1.41 MiB)
  520.21ccbdf40b090087fae7.js (521 KiB)
  223.1b1d9b38f0d1b82de8a3.css (677 KiB)
  223.d458ba3ca0c6655bf11c.js (3.75 MiB)[39m[22m

[1m[33mWARNING[39m[22m in [1mentrypoint size limit: The following entrypoint(s) combined asset size exceeds the recommended limit (244 KiB). This can impact web performance.
Entrypoints:
  main (6.22 MiB)
      223.1b1d9b38f0d1b82de8a3.css
      223.d458ba3ca0c6655bf11c.js
      main.314f78ee58e5d9fcd92a.css
      main.f7b891e119a42d2f53a6.js
[39m[22m

webpack 5.101.3 compiled with [1m[33m2 warnings[39m[22m in 367967 ms
Done in 375.35s.
